[2023-12-08T15:27:18.802+0000][gc] Using G1
[2023-12-08T15:27:18.837+0000][gc,init] Version: 17.0.9+8-LTS (release)
[2023-12-08T15:27:18.837+0000][gc,init] CPUs: 2 total, 2 available
[2023-12-08T15:27:18.837+0000][gc,init] Memory: 7929M
[2023-12-08T15:27:18.837+0000][gc,init] Large Page Support: Disabled
[2023-12-08T15:27:18.837+0000][gc,init] NUMA Support: Disabled
[2023-12-08T15:27:18.837+0000][gc,init] Compressed Oops: Enabled (32-bit)
[2023-12-08T15:27:18.837+0000][gc,init] Heap Region Size: 1M
[2023-12-08T15:27:18.837+0000][gc,init] Heap Min Capacity: 1G
[2023-12-08T15:27:18.837+0000][gc,init] Heap Initial Capacity: 1G
[2023-12-08T15:27:18.837+0000][gc,init] Heap Max Capacity: 1G
[2023-12-08T15:27:18.837+0000][gc,init] Pre-touch: Disabled
[2023-12-08T15:27:18.837+0000][gc,init] Parallel Workers: 2
[2023-12-08T15:27:18.837+0000][gc,init] Concurrent Workers: 1
[2023-12-08T15:27:18.837+0000][gc,init] Concurrent Refinement Workers: 2
[2023-12-08T15:27:18.837+0000][gc,init] Periodic GC: Disabled
[2023-12-08T15:27:18.845+0000][gc,metaspace] CDS archive(s) mapped at: [0x00007fa7b7000000-0x00007fa7b7bc6000-0x00007fa7b7bc6000), size 12345344, SharedBaseAddress: 0x00007fa7b7000000, ArchiveRelocationMode: 1.
[2023-12-08T15:27:18.845+0000][gc,metaspace] Compressed class space mapped at: 0x00007fa7b8000000-0x00007fa7f8000000, reserved size: 1073741824
[2023-12-08T15:27:18.845+0000][gc,metaspace] Narrow klass base: 0x00007fa7b7000000, Narrow klass shift: 0, Narrow klass range: 0x100000000
[2023-12-08T15:27:20.493+0000][gc,start    ] GC(0) Pause Young (Normal) (G1 Evacuation Pause)
[2023-12-08T15:27:20.493+0000][gc,task     ] GC(0) Using 2 workers of 2 for evacuation
[2023-12-08T15:27:20.513+0000][gc,mmu      ] GC(0) MMU target violated: 20.0ms (20.0ms/21.0ms)
[2023-12-08T15:27:20.513+0000][gc,phases   ] GC(0)   Pre Evacuate Collection Set: 0.5ms
[2023-12-08T15:27:20.513+0000][gc,phases   ] GC(0)   Merge Heap Roots: 0.1ms
[2023-12-08T15:27:20.513+0000][gc,phases   ] GC(0)   Evacuate Collection Set: 18.8ms
[2023-12-08T15:27:20.513+0000][gc,phases   ] GC(0)   Post Evacuate Collection Set: 0.6ms
[2023-12-08T15:27:20.514+0000][gc,phases   ] GC(0)   Other: 0.5ms
[2023-12-08T15:27:20.514+0000][gc,heap     ] GC(0) Eden regions: 51->0(44)
[2023-12-08T15:27:20.514+0000][gc,heap     ] GC(0) Survivor regions: 0->7(7)
[2023-12-08T15:27:20.514+0000][gc,heap     ] GC(0) Old regions: 0->0
[2023-12-08T15:27:20.514+0000][gc,heap     ] GC(0) Archive regions: 2->2
[2023-12-08T15:27:20.514+0000][gc,heap     ] GC(0) Humongous regions: 0->0
[2023-12-08T15:27:20.514+0000][gc,metaspace] GC(0) Metaspace: 19320K(19456K)->19320K(19456K) NonClass: 16752K(16832K)->16752K(16832K) Class: 2567K(2624K)->2567K(2624K)
[2023-12-08T15:27:20.514+0000][gc          ] GC(0) Pause Young (Normal) (G1 Evacuation Pause) 51M->7M(1024M) 20.577ms
[2023-12-08T15:27:20.514+0000][gc,cpu      ] GC(0) User=0.02s Sys=0.01s Real=0.02s
[2023-12-08T15:27:20.671+0000][gc,start    ] GC(1) Pause Young (Concurrent Start) (Metadata GC Threshold)
[2023-12-08T15:27:20.671+0000][gc,task     ] GC(1) Using 2 workers of 2 for evacuation
[2023-12-08T15:27:20.692+0000][gc,mmu      ] GC(1) MMU target violated: 20.8ms (20.0ms/21.0ms)
[2023-12-08T15:27:20.692+0000][gc,phases   ] GC(1)   Pre Evacuate Collection Set: 0.1ms
[2023-12-08T15:27:20.692+0000][gc,phases   ] GC(1)   Merge Heap Roots: 0.0ms
[2023-12-08T15:27:20.692+0000][gc,phases   ] GC(1)   Evacuate Collection Set: 19.9ms
[2023-12-08T15:27:20.692+0000][gc,phases   ] GC(1)   Post Evacuate Collection Set: 0.7ms
[2023-12-08T15:27:20.692+0000][gc,phases   ] GC(1)   Other: 0.2ms
[2023-12-08T15:27:20.692+0000][gc,heap     ] GC(1) Eden regions: 8->0(49)
[2023-12-08T15:27:20.692+0000][gc,heap     ] GC(1) Survivor regions: 7->2(7)
[2023-12-08T15:27:20.692+0000][gc,heap     ] GC(1) Old regions: 0->7
[2023-12-08T15:27:20.692+0000][gc,heap     ] GC(1) Archive regions: 2->2
[2023-12-08T15:27:20.692+0000][gc,heap     ] GC(1) Humongous regions: 129->129
[2023-12-08T15:27:20.692+0000][gc,metaspace] GC(1) Metaspace: 21296K(21504K)->21296K(21504K) NonClass: 18458K(18560K)->18458K(18560K) Class: 2837K(2944K)->2837K(2944K)
[2023-12-08T15:27:20.692+0000][gc          ] GC(1) Pause Young (Concurrent Start) (Metadata GC Threshold) 144M->138M(1024M) 21.077ms
[2023-12-08T15:27:20.692+0000][gc,cpu      ] GC(1) User=0.02s Sys=0.00s Real=0.02s
[2023-12-08T15:27:20.692+0000][gc          ] GC(2) Concurrent Mark Cycle
[2023-12-08T15:27:20.692+0000][gc,marking  ] GC(2) Concurrent Clear Claimed Marks
[2023-12-08T15:27:20.692+0000][gc,marking  ] GC(2) Concurrent Clear Claimed Marks 0.019ms
[2023-12-08T15:27:20.692+0000][gc,marking  ] GC(2) Concurrent Scan Root Regions
[2023-12-08T15:27:20.696+0000][gc,marking  ] GC(2) Concurrent Scan Root Regions 3.746ms
[2023-12-08T15:27:20.696+0000][gc,marking  ] GC(2) Concurrent Mark
[2023-12-08T15:27:20.696+0000][gc,marking  ] GC(2) Concurrent Mark From Roots
[2023-12-08T15:27:20.696+0000][gc,task     ] GC(2) Using 1 workers of 1 for marking
[2023-12-08T15:27:20.698+0000][gc,marking  ] GC(2) Concurrent Mark From Roots 2.334ms
[2023-12-08T15:27:20.698+0000][gc,marking  ] GC(2) Concurrent Preclean
[2023-12-08T15:27:20.698+0000][gc,marking  ] GC(2) Concurrent Preclean 0.043ms
[2023-12-08T15:27:20.699+0000][gc,start    ] GC(2) Pause Remark
[2023-12-08T15:27:20.701+0000][gc          ] GC(2) Pause Remark 138M->138M(1024M) 2.052ms
[2023-12-08T15:27:20.701+0000][gc,cpu      ] GC(2) User=0.00s Sys=0.00s Real=0.00s
[2023-12-08T15:27:20.701+0000][gc,marking  ] GC(2) Concurrent Mark 5.551ms
[2023-12-08T15:27:20.701+0000][gc,marking  ] GC(2) Concurrent Rebuild Remembered Sets
[2023-12-08T15:27:20.705+0000][gc,marking  ] GC(2) Concurrent Rebuild Remembered Sets 3.643ms
[2023-12-08T15:27:20.705+0000][gc,start    ] GC(2) Pause Cleanup
[2023-12-08T15:27:20.705+0000][gc          ] GC(2) Pause Cleanup 138M->138M(1024M) 0.083ms
[2023-12-08T15:27:20.705+0000][gc,cpu      ] GC(2) User=0.00s Sys=0.00s Real=0.00s
[2023-12-08T15:27:20.706+0000][gc,marking  ] GC(2) Concurrent Cleanup for Next Mark
[2023-12-08T15:27:20.709+0000][gc,marking  ] GC(2) Concurrent Cleanup for Next Mark 3.319ms
[2023-12-08T15:27:20.709+0000][gc          ] GC(2) Concurrent Mark Cycle 17.128ms
[2023-12-08T15:42:20.674+0000][gc,start    ] GC(3) Pause Young (Normal) (G1 Evacuation Pause)
[2023-12-08T15:42:20.674+0000][gc,task     ] GC(3) Using 2 workers of 2 for evacuation
[2023-12-08T15:42:20.680+0000][gc,phases   ] GC(3)   Pre Evacuate Collection Set: 0.1ms
[2023-12-08T15:42:20.680+0000][gc,phases   ] GC(3)   Merge Heap Roots: 0.1ms
[2023-12-08T15:42:20.680+0000][gc,phases   ] GC(3)   Evacuate Collection Set: 5.3ms
[2023-12-08T15:42:20.680+0000][gc,phases   ] GC(3)   Post Evacuate Collection Set: 0.4ms
[2023-12-08T15:42:20.680+0000][gc,phases   ] GC(3)   Other: 0.2ms
[2023-12-08T15:42:20.680+0000][gc,heap     ] GC(3) Eden regions: 49->0(46)
[2023-12-08T15:42:20.680+0000][gc,heap     ] GC(3) Survivor regions: 2->5(7)
[2023-12-08T15:42:20.680+0000][gc,heap     ] GC(3) Old regions: 7->7
[2023-12-08T15:42:20.680+0000][gc,heap     ] GC(3) Archive regions: 2->2
[2023-12-08T15:42:20.680+0000][gc,heap     ] GC(3) Humongous regions: 129->129
[2023-12-08T15:42:20.680+0000][gc,metaspace] GC(3) Metaspace: 32140K(32384K)->32140K(32384K) NonClass: 28334K(28480K)->28334K(28480K) Class: 3805K(3904K)->3805K(3904K)
[2023-12-08T15:42:20.680+0000][gc          ] GC(3) Pause Young (Normal) (G1 Evacuation Pause) 187M->141M(1024M) 6.185ms
[2023-12-08T15:42:20.680+0000][gc,cpu      ] GC(3) User=0.01s Sys=0.00s Real=0.01s
[2023-12-08T16:16:24.499+0000][gc,start    ] GC(4) Pause Young (Concurrent Start) (Metadata GC Threshold)
[2023-12-08T16:16:24.499+0000][gc,task     ] GC(4) Using 2 workers of 2 for evacuation
[2023-12-08T16:16:24.508+0000][gc,phases   ] GC(4)   Pre Evacuate Collection Set: 0.1ms
[2023-12-08T16:16:24.508+0000][gc,phases   ] GC(4)   Merge Heap Roots: 0.1ms
[2023-12-08T16:16:24.508+0000][gc,phases   ] GC(4)   Evacuate Collection Set: 8.1ms
[2023-12-08T16:16:24.508+0000][gc,phases   ] GC(4)   Post Evacuate Collection Set: 0.3ms
[2023-12-08T16:16:24.508+0000][gc,phases   ] GC(4)   Other: 0.2ms
[2023-12-08T16:16:24.508+0000][gc,heap     ] GC(4) Eden regions: 32->0(49)
[2023-12-08T16:16:24.508+0000][gc,heap     ] GC(4) Survivor regions: 5->2(7)
[2023-12-08T16:16:24.508+0000][gc,heap     ] GC(4) Old regions: 7->12
[2023-12-08T16:16:24.508+0000][gc,heap     ] GC(4) Archive regions: 2->2
[2023-12-08T16:16:24.508+0000][gc,heap     ] GC(4) Humongous regions: 129->129
[2023-12-08T16:16:24.508+0000][gc,metaspace] GC(4) Metaspace: 35613K(35968K)->35613K(35968K) NonClass: 31368K(31552K)->31368K(31552K) Class: 4244K(4416K)->4244K(4416K)
[2023-12-08T16:16:24.508+0000][gc          ] GC(4) Pause Young (Concurrent Start) (Metadata GC Threshold) 172M->143M(1024M) 9.008ms
[2023-12-08T16:16:24.508+0000][gc,cpu      ] GC(4) User=0.02s Sys=0.00s Real=0.01s
[2023-12-08T16:16:24.508+0000][gc          ] GC(5) Concurrent Mark Cycle
[2023-12-08T16:16:24.508+0000][gc,marking  ] GC(5) Concurrent Clear Claimed Marks
[2023-12-08T16:16:24.508+0000][gc,marking  ] GC(5) Concurrent Clear Claimed Marks 0.029ms
[2023-12-08T16:16:24.508+0000][gc,marking  ] GC(5) Concurrent Scan Root Regions
[2023-12-08T16:16:24.515+0000][gc,marking  ] GC(5) Concurrent Scan Root Regions 6.177ms
[2023-12-08T16:16:24.515+0000][gc,marking  ] GC(5) Concurrent Mark
[2023-12-08T16:16:24.515+0000][gc,marking  ] GC(5) Concurrent Mark From Roots
[2023-12-08T16:16:24.515+0000][gc,task     ] GC(5) Using 1 workers of 1 for marking
[2023-12-08T16:16:24.525+0000][gc,marking  ] GC(5) Concurrent Mark From Roots 10.031ms
[2023-12-08T16:16:24.525+0000][gc,marking  ] GC(5) Concurrent Preclean
[2023-12-08T16:16:24.526+0000][gc,marking  ] GC(5) Concurrent Preclean 0.127ms
[2023-12-08T16:16:24.526+0000][gc,start    ] GC(5) Pause Remark
[2023-12-08T16:16:24.532+0000][gc          ] GC(5) Pause Remark 143M->143M(1024M) 5.732ms
[2023-12-08T16:16:24.532+0000][gc,cpu      ] GC(5) User=0.01s Sys=0.00s Real=0.00s
[2023-12-08T16:16:24.532+0000][gc,marking  ] GC(5) Concurrent Mark 16.999ms
[2023-12-08T16:16:24.532+0000][gc,marking  ] GC(5) Concurrent Rebuild Remembered Sets
[2023-12-08T16:16:24.540+0000][gc,marking  ] GC(5) Concurrent Rebuild Remembered Sets 8.360ms
[2023-12-08T16:16:24.541+0000][gc,start    ] GC(5) Pause Cleanup
[2023-12-08T16:16:24.541+0000][gc          ] GC(5) Pause Cleanup 143M->143M(1024M) 0.192ms
[2023-12-08T16:16:24.541+0000][gc,cpu      ] GC(5) User=0.00s Sys=0.00s Real=0.00s
[2023-12-08T16:16:24.541+0000][gc,marking  ] GC(5) Concurrent Cleanup for Next Mark
[2023-12-08T16:16:24.561+0000][gc,marking  ] GC(5) Concurrent Cleanup for Next Mark 19.795ms
[2023-12-08T16:16:24.561+0000][gc          ] GC(5) Concurrent Mark Cycle 52.497ms
[2023-12-08T16:40:20.764+0000][gc,start    ] GC(6) Pause Young (Normal) (G1 Evacuation Pause)
[2023-12-08T16:40:20.764+0000][gc,task     ] GC(6) Using 2 workers of 2 for evacuation
[2023-12-08T16:40:20.769+0000][gc,phases   ] GC(6)   Pre Evacuate Collection Set: 0.1ms
[2023-12-08T16:40:20.769+0000][gc,phases   ] GC(6)   Merge Heap Roots: 0.1ms
[2023-12-08T16:40:20.769+0000][gc,phases   ] GC(6)   Evacuate Collection Set: 4.5ms
[2023-12-08T16:40:20.769+0000][gc,phases   ] GC(6)   Post Evacuate Collection Set: 0.6ms
[2023-12-08T16:40:20.769+0000][gc,phases   ] GC(6)   Other: 0.2ms
[2023-12-08T16:40:20.769+0000][gc,heap     ] GC(6) Eden regions: 49->0(48)
[2023-12-08T16:40:20.769+0000][gc,heap     ] GC(6) Survivor regions: 2->3(7)
[2023-12-08T16:40:20.769+0000][gc,heap     ] GC(6) Old regions: 12->12
[2023-12-08T16:40:20.769+0000][gc,heap     ] GC(6) Archive regions: 2->2
[2023-12-08T16:40:20.769+0000][gc,heap     ] GC(6) Humongous regions: 129->129
[2023-12-08T16:40:20.769+0000][gc,metaspace] GC(6) Metaspace: 36299K(36672K)->36299K(36672K) NonClass: 31983K(32192K)->31983K(32192K) Class: 4315K(4480K)->4315K(4480K)
[2023-12-08T16:40:20.769+0000][gc          ] GC(6) Pause Young (Normal) (G1 Evacuation Pause) 192M->144M(1024M) 5.580ms
[2023-12-08T16:40:20.769+0000][gc,cpu      ] GC(6) User=0.01s Sys=0.00s Real=0.00s
